C l a s s   n o t   r e g i s t e r e d   
 
 E r r o r   c o d e :   B a s h / C a l l M s i / I n s t a l l / R E G D B _ E _ C L A S S N O T R E G 
 
 
